// Jest Snapshot v1, https://goo.gl/fbAQLP

exports[`Button Button has a valid snapshot 1`] = `
<button
  onClick={[MockFunction]}
  type="button"
>
  Testing happening here
</button>
`;
